// Jest Snapshot v1, https://goo.gl/fbAQLP

exports[`CreateArt Component should match snapshot 1`] = `
<div
  className="container mt-5 pt-5"
>
  <form
    onSubmit={[Function]}
  >
    <div
      className="col-md-6 offset-md-3"
    >
      <h5>
        CREATE NEW ARTICLE
      </h5>
      <div
        className="form-group"
      >
        <label>
          Title
        </label>
        <input
          className="form-control title"
          name="title"
          onChange={[Function]}
          placeholder="Enter Title"
          required={true}
          type="text"
          value=""
        />
      </div>
      <div
        className="form-group"
      >
        <label>
          Category
        </label>
        <select
          className="form-control col-8"
          name="categoryId"
          onChange={[Function]}
          required={true}
        >
          <option>
            Select A Category
          </option>
        </select>
      </div>
      <div
        className="form-group"
      >
        <label>
          Price
        </label>
        <input
          className="form-control col-8"
          defaultValue={0}
          name="price"
          onChange={[Function]}
          placeholder="Enter Price"
          step={0.01}
          type="number"
        />
        <small
          className="text-danger"
        >
          Price set to 0.00 means item is not for sale
        </small>
      </div>
      <div
        className="row mt-4"
      >
        <h6
          className="text-artistic col-md-12"
        >
          Add media files about the Artwork
        </h6>
        <div
          className=""
        >
          <t
            config={
              Object {
                "iconFiletypes": Array [
                  ".mp4",
                  ".mov",
                  "images",
                ],
                "postUrl": "dummy-url",
                "showFiletypeIcon": true,
              }
            }
            djsConfig={
              Object {
                "acceptedFiles": "image/*,.mp4,.mov",
                "addRemoveLinks": true,
                "autoProcessQueue": false,
                "dictDefaultMessage": "<i class=\\"fa fa-3x fa-cloud-upload\\"> </i> <br/>Drag an image here to upload, or click to select multiple",
                "headers": Object {
                  "My-Awesome-Header": "header value",
                },
                "maxFiles": 7,
                "maxFilesize": 50,
                "uploadMultiple": true,
              }
            }
            eventHandlers={
              Object {
                "addedfile": [Function],
                "maxfilesreached": [Function],
                "removedfile": [Function],
              }
            }
          />
        </div>
      </div>
      <div
        className="row mt-5"
      >
        <h6
          className="text-artistic col-md-12"
        >
          Brief Description on the Artwork
        </h6>
        <div
          className=""
        >
          <n
            config={Object {}}
            data=""
            onChange={[Function]}
            readOnly={false}
            type="classic"
          />
        </div>
      </div>
      <div
        className="row mt-5 mb-5"
      >
        <button
          className="btn btn-primary"
          disabled={true}
        >
          Create
        </button>
      </div>
      <div
        className="alert alert-success d-none "
      >
        Art is now being uploaded. Please be patient
      </div>
    </div>
  </form>
</div>
`;
