// Jest Snapshot v1, https://goo.gl/fbAQLP

exports[`Menu Component should match snapshot 1`] = `
<nav
  className="navbar navbar-expand-lg bg-light"
  id="nav"
>
  <Logo />
  <button
    aria-controls="navbarSupportedContent"
    aria-expanded="false"
    aria-label="Toggle navigation"
    className="navbar-toggler pull-right"
    data-target="#navbarSupportedContent"
    data-toggle="collapse"
    type="button"
  >
    <span
      className="navbar-toggler-icon"
    >
      <i
        className="fa fa-bars"
      >
         
      </i>
    </span>
  </button>
  <div
    className="collapse navbar-collapse"
    id="navbarSupportedContent"
  >
    <Search />
    <ul
      className="navbar-nav mr-auto offset-1"
    >
      <li
        className="nav-item offset-md-5"
      >
        <NavLink
          activeClassName="active"
          aria-current="page"
          to="/login"
        >
          Login
        </NavLink>
      </li>
      <li
        className="nav-item offset-md-5"
      >
        <NavLink
          activeClassName="active"
          aria-current="page"
          to="/register"
        >
          Register
        </NavLink>
      </li>
    </ul>
  </div>
</nav>
`;
