// Jest Snapshot v1, https://goo.gl/fbAQLP

exports[`Routes Component should match snapshot 1`] = `
<Provider
  store={
    Object {
      "dispatch": [Function],
      "getState": [Function],
      "replaceReducer": [Function],
      "subscribe": [Function],
      Symbol(Symbol.observable): [Function],
    }
  }
>
  <Switch>
    <Route
      component={[Function]}
      exact={true}
      path="/"
    />
    <Route
      component={[Function]}
      path="/auth"
    />
    <Route
      component={[Function]}
    />
  </Switch>
</Provider>
`;
